main.c:87:5:main	8	static
main.c:103:6:task1_handler	8	static
main.c:110:6:task2_handler	8	static
main.c:118:6:task3_handler	8	static
main.c:125:6:task4_handler	8	static
main.c:132:6:init_systick_timer	32	static
main.c:163:6:init_task_dummy	24	static
main.c:198:29:init_scheduler_stack	0	static,ignoring_inline_asm
main.c:204:6:update_psp_of_task	16	static
main.c:208:5:next_task	4	static
main.c:214:27:SysTick_Handler	0	static,ignoring_inline_asm
main.c:239:6:enable_fault_handler	16	static
main.c:245:28:switch_sp_to_psp	0	static,ignoring_inline_asm
main.c:254:6:HardFault_Handler	4	static
main.c:256:6:MemManage_Handler	4	static
main.c:258:6:BusFault_Handler	4	static
main.c:260:6:UsageFault_Handler	4	static
