syscalls.c:39:6:ITM_SendChar	16	static
syscalls.c:67:6:initialise_monitor_handles	4	static
syscalls.c:71:5:_getpid	4	static
syscalls.c:76:5:_kill	16	static
syscalls.c:82:6:_exit	16	static
syscalls.c:88:27:_read	32	static
syscalls.c:100:27:_write	32	static
syscalls.c:112:5:_close	16	static
syscalls.c:118:5:_fstat	16	static
syscalls.c:124:5:_isatty	16	static
syscalls.c:129:5:_lseek	24	static
syscalls.c:134:5:_open	12	static
syscalls.c:140:5:_wait	16	static
syscalls.c:146:5:_unlink	16	static
syscalls.c:152:5:_times	16	static
syscalls.c:157:5:_stat	16	static
syscalls.c:163:5:_link	16	static
syscalls.c:169:5:_fork	8	static
syscalls.c:175:5:_execve	24	static
